May  6 09:45:21 ubuntu dhcpd[947]:    you want, please write a subnet6 declaration
May  6 09:45:21 ubuntu dhcpd[947]:    in your dhcpd.conf file for the network segment
May  6 09:45:21 ubuntu dhcpd[947]:    to which interface enp0s3 is attached. **
May  6 09:45:21 ubuntu dhcpd[947]: 
May  6 09:45:21 ubuntu dhcpd[947]: 
May  6 09:45:21 ubuntu dhcpd[947]: Not configured to listen on any interfaces!
May  6 09:45:21 ubuntu dhcpd[945]: Listening on LPF/enp0s3/08:00:27:ed:86:69/10.10.20.0/24
May  6 09:45:21 ubuntu dhcpd[945]: Sending on   LPF/enp0s3/08:00:27:ed:86:69/10.10.20.0/24
May  6 09:45:21 ubuntu dhcpd[945]: Sending on   Socket/fallback/fallback-net
May  6 09:45:21 ubuntu dhcpd[945]: Server starting service.
May  6 09:45:21 ubuntu dhcpd[947]: 
May  6 09:45:21 ubuntu dhcpd[947]: If you think you have received this message due to a bug rather
May  6 09:45:21 ubuntu dhcpd[947]: than a configuration issue please read the section on submitting
May  6 09:45:21 ubuntu dhcpd[947]: bugs on either our web page at www.isc.org or in the README file
May  6 09:45:21 ubuntu dhcpd[947]: before submitting a bug.  These pages explain the proper
May  6 09:45:21 ubuntu dhcpd[947]: process and the information we find helpful for debugging..
May  6 09:45:21 ubuntu dhcpd[947]: 
May  6 09:45:21 ubuntu dhcpd[947]: exiting.
May  6 09:45:21 ubuntu polkitd[1247]: started daemon version 0.105 using authority implementation `local' version `0.105'
May  6 09:45:21 ubuntu dbus-daemon[977]: [system] Successfully activated service 'org.freedesktop.PolicyKit1'
May  6 09:45:21 ubuntu accounts-daemon[1119]: started daemon version 0.6.45
May  6 09:45:21 ubuntu systemd[1]: Started Dispatcher daemon for systemd-networkd.
May  6 09:45:22 ubuntu snapd[1074]: AppArmor status: apparmor is enabled and all features are available
May  6 09:45:22 ubuntu systemd-resolved[855]: Using degraded feature set (UDP) for DNS server 10.10.20.10.
May  6 09:45:22 ubuntu systemd[1]: Started LXD - container startup/shutdown.
May  6 09:45:23 ubuntu snapd[1074]: AppArmor status: apparmor is enabled and all features are available
May  6 09:45:24 ubuntu snapd[1074]: daemon.go:343: started snapd/2.44.3 (series 16; classic) ubuntu/18.04 (amd64) linux/4.15.0-99-generic.
May  6 09:45:24 ubuntu snapd[1074]: daemon.go:436: adjusting startup timeout by 35s (pessimistic estimate of 30s plus 5s per snap)
May  6 09:45:24 ubuntu dhcpd[945]: DHCPDISCOVER from 08:00:27:ed:86:69 (ubuntu) via enp0s3
May  6 09:45:24 ubuntu systemd[1]: Started Snappy daemon.
May  6 09:45:24 ubuntu systemd[1]: Starting Wait until snapd is fully seeded...
May  6 09:45:25 ubuntu dhcpd[945]: DHCPOFFER on 10.10.20.72 to 08:00:27:ed:86:69 (ubuntu) via enp0s3
May  6 09:45:25 ubuntu systemd[1]: Started Wait until snapd is fully seeded.
May  6 09:45:25 ubuntu systemd[1]: Starting Apply the settings specified in cloud-config...
May  6 09:45:27 ubuntu cloud-init[1436]: Cloud-init v. 19.4-33-gbb4131a2-0ubuntu1~18.04.1 running 'modules:config' at Wed, 06 May 2020 09:45:26 +0000. Up 155.70 seconds.
May  6 09:45:27 ubuntu systemd[1]: Started Apply the settings specified in cloud-config.
May  6 09:45:27 ubuntu systemd[1]: Started LSB: web-based administration interface for Unix systems.
May  6 09:45:27 ubuntu systemd[1]: Reached target Multi-User System.
May  6 09:45:27 ubuntu systemd[1]: Starting Execute cloud user/final scripts...
May  6 09:45:27 ubuntu systemd[1]: Reached target Graphical Interface.
May  6 09:45:27 ubuntu systemd[1]: Starting Update UTMP about System Runlevel Changes...
May  6 09:45:28 ubuntu systemd[1]: Started Update UTMP about System Runlevel Changes.
May  6 09:45:30 ubuntu cloud-init[1486]: Cloud-init v. 19.4-33-gbb4131a2-0ubuntu1~18.04.1 running 'modules:final' at Wed, 06 May 2020 09:45:29 +0000. Up 158.51 seconds.
May  6 09:45:30 ubuntu cloud-init[1486]: Cloud-init v. 19.4-33-gbb4131a2-0ubuntu1~18.04.1 finished at Wed, 06 May 2020 09:45:30 +0000. Datasource DataSourceNoCloud [seed=/var/lib/cloud/seed/nocloud-net][dsmode=net].  Up 159.15 seconds
May  6 09:45:30 ubuntu systemd[1]: Started Execute cloud user/final scripts.
May  6 09:45:30 ubuntu systemd[1]: Reached target Cloud-init target.
May  6 09:45:31 ubuntu systemd-resolved[855]: Using degraded feature set (TCP) for DNS server 10.10.20.10.
May  6 09:45:32 ubuntu systemd[1]: Started Message of the Day.
May  6 09:45:35 ubuntu systemd[1]: Started Daily apt upgrade and clean activities.
May  6 09:45:35 ubuntu systemd[1]: Startup finished in 9.769s (kernel) + 2min 34.299s (userspace) = 2min 44.068s.
May  6 09:45:35 ubuntu systemd[1]: getty@tty1.service: Service has no hold-off time, scheduling restart.
May  6 09:45:35 ubuntu systemd[1]: getty@tty1.service: Scheduled restart job, restart counter is at 1.
May  6 09:45:35 ubuntu systemd[1]: Stopped Getty on tty1.
May  6 09:45:35 ubuntu systemd[1]: Started Getty on tty1.
May  6 09:45:40 ubuntu systemd[1]: Created slice User Slice of ubuntu.
May  6 09:45:40 ubuntu systemd[1]: Starting User Manager for UID 1000...
May  6 09:45:40 ubuntu systemd[1]: Started Session 1 of user ubuntu.
May  6 09:45:40 ubuntu systemd[1854]: Listening on GnuPG cryptographic agent (ssh-agent emulation).
May  6 09:45:41 ubuntu systemd[1854]: Listening on GnuPG cryptographic agent and passphrase cache (access for web browsers).
May  6 09:45:41 ubuntu systemd[1854]: Reached target Timers.
May  6 09:45:41 ubuntu systemd[1854]: Listening on REST API socket for snapd user session agent.
May  6 09:45:41 ubuntu systemd[1854]: Listening on GnuPG network certificate management daemon.
May  6 09:45:41 ubuntu systemd[1854]: Listening on GnuPG cryptographic agent and passphrase cache (restricted).
May  6 09:45:41 ubuntu systemd[1854]: Reached target Paths.
May  6 09:45:41 ubuntu systemd[1854]: Listening on GnuPG cryptographic agent and passphrase cache.
May  6 09:45:41 ubuntu systemd[1854]: Reached target Sockets.
May  6 09:45:41 ubuntu systemd[1854]: Reached target Basic System.
May  6 09:45:41 ubuntu systemd[1854]: Reached target Default.
May  6 09:45:41 ubuntu systemd[1854]: Startup finished in 191ms.
May  6 09:45:41 ubuntu systemd[1]: Started User Manager for UID 1000.
May  6 09:46:01 ubuntu snapd[1074]: autorefresh.go:390: Cannot prepare auto-refresh change: cannot refresh snap-declaration for "core": Get https://api.snapcraft.io/api/v1/snaps/assertions/snap-declaration/16/99T7MUlRhtI3U0QFgl5mXXESAiSwt776?max-format=4: net/http: request canceled while waiting for connection (Client.Timeout exceeded while awaiting headers)
May  6 09:46:28 ubuntu dhcpd[945]: DHCPREQUEST for 10.10.20.50 from b8:27:eb:36:4e:b7 via enp0s3
May  6 09:46:28 ubuntu dhcpd[945]: DHCPACK on 10.10.20.50 to b8:27:eb:36:4e:b7 via enp0s3
May  6 09:46:28 ubuntu dhcpd[945]: DHCPDISCOVER from 08:00:27:ed:86:69 (ubuntu) via enp0s3
May  6 09:46:29 ubuntu dhcpd[945]: DHCPOFFER on 10.10.20.72 to 08:00:27:ed:86:69 (ubuntu) via enp0s3
May  6 09:46:37 ubuntu snapd[1074]: stateengine.go:150: state ensure error: cannot refresh snap-declaration for "core": Get https://api.snapcraft.io/api/v1/snaps/assertions/snap-declaration/16/99T7MUlRhtI3U0QFgl5mXXESAiSwt776?max-format=4: net/http: request canceled while waiting for connection (Client.Timeout exceeded while awaiting headers)
May  6 09:46:40 ubuntu dhcpd[945]: DHCPDISCOVER from 08:00:27:d0:51:33 via 10.10.10.254
May  6 09:46:41 ubuntu dhcpd[945]: DHCPOFFER on 10.10.10.1 to 08:00:27:d0:51:33 (Admin) via 10.10.10.254
May  6 09:46:42 ubuntu dhcpd[945]: DHCPREQUEST for 10.10.10.1 (10.10.20.40) from 08:00:27:d0:51:33 (Admin) via 10.10.10.254
May  6 09:46:42 ubuntu dhcpd[945]: DHCPACK on 10.10.10.1 to 08:00:27:d0:51:33 (Admin) via 10.10.10.254
May  6 09:46:46 ubuntu dhcpd[945]: DHCPINFORM from 10.10.10.1 via 10.10.10.254: not authoritative for subnet 10.10.10.0
May  6 09:46:46 ubuntu dhcpd[945]: If this DHCP server is authoritative for that subnet,
May  6 09:46:46 ubuntu dhcpd[945]: please write an `authoritative;' directive either in the
May  6 09:46:46 ubuntu dhcpd[945]: subnet declaration or in some scope that encloses the
May  6 09:46:46 ubuntu dhcpd[945]: subnet declaration - for example, write it at the top
May  6 09:46:46 ubuntu dhcpd[945]: of the dhcpd.conf file.
May  6 09:46:49 ubuntu dhcpd[945]: DHCPINFORM from 10.10.10.1 via 10.10.10.254: not authoritative for subnet 10.10.10.0
May  6 09:47:30 ubuntu rsyslogd: cannot connect to 10.10.10.20:514: Connection timed out [v8.32.0 try http://www.rsyslog.com/e/2027 ]
May  6 09:47:30 ubuntu rsyslogd: action 'action 4' suspended (module 'builtin:omfwd'), retry 0. There should be messages before this one giving the reason for suspension. [v8.32.0 try http://www.rsyslog.com/e/2007 ]
May  6 09:47:33 ubuntu dhcpd[945]: DHCPDISCOVER from 08:00:27:ed:86:69 (ubuntu) via enp0s3
May  6 09:47:34 ubuntu dhcpd[945]: DHCPOFFER on 10.10.20.72 to 08:00:27:ed:86:69 (ubuntu) via enp0s3
May  6 09:47:48 ubuntu dhcpd[945]: 4 bad IP checksums seen in 5 packets
May  6 09:47:52 ubuntu dhcpd[945]: uid lease 10.10.10.2 for client 08:00:27:e4:5f:27 is duplicate on 10.10.10.0/24
May  6 09:47:52 ubuntu dhcpd[945]: DHCPDISCOVER from 08:00:27:e4:5f:27 via 10.10.10.254
May  6 09:47:52 ubuntu dhcpd[945]: DHCPOFFER on 10.10.10.20 to 08:00:27:e4:5f:27 via 10.10.10.254
May  6 09:47:52 ubuntu dhcpd[945]: uid lease 10.10.10.2 for client 08:00:27:e4:5f:27 is duplicate on 10.10.10.0/24
May  6 09:47:52 ubuntu dhcpd[945]: DHCPREQUEST for 10.10.10.20 (10.10.20.40) from 08:00:27:e4:5f:27 via 10.10.10.254
May  6 09:47:52 ubuntu dhcpd[945]: DHCPACK on 10.10.10.20 to 08:00:27:e4:5f:27 via 10.10.10.254
May  6 09:48:02 ubuntu rsyslogd: action 'action 4' resumed (module 'builtin:omfwd') [v8.32.0 try http://www.rsyslog.com/e/2359 ]
May  6 09:48:37 ubuntu dhcpd[945]: DHCPDISCOVER from 08:00:27:ed:86:69 (ubuntu) via enp0s3
May  6 09:48:38 ubuntu dhcpd[945]: DHCPOFFER on 10.10.20.72 to 08:00:27:ed:86:69 (ubuntu) via enp0s3
May  6 09:49:42 ubuntu dhcpd[945]: DHCPDISCOVER from 08:00:27:ed:86:69 (ubuntu) via enp0s3
May  6 09:49:43 ubuntu dhcpd[945]: DHCPOFFER on 10.10.20.72 to 08:00:27:ed:86:69 (ubuntu) via enp0s3
May  6 09:50:46 ubuntu dhcpd[945]: DHCPDISCOVER from 08:00:27:ed:86:69 (ubuntu) via enp0s3
May  6 09:50:47 ubuntu dhcpd[945]: DHCPOFFER on 10.10.20.72 to 08:00:27:ed:86:69 (ubuntu) via enp0s3
May  6 09:51:33 ubuntu dhcpd[945]: DHCPREQUEST for 10.10.20.50 from b8:27:eb:36:4e:b7 via enp0s3
May  6 09:51:33 ubuntu dhcpd[945]: DHCPACK on 10.10.20.50 to b8:27:eb:36:4e:b7 via enp0s3
May  6 09:51:42 ubuntu dhcpd[945]: DHCPREQUEST for 10.10.10.1 from 08:00:27:d0:51:33 (Admin) via enp0s3
May  6 09:51:42 ubuntu dhcpd[945]: DHCPACK on 10.10.10.1 to 08:00:27:d0:51:33 (Admin) via enp0s3
May  6 09:51:45 ubuntu dhcpd[945]: DHCPINFORM from 10.10.10.1 via 10.10.10.254: not authoritative for subnet 10.10.10.0
May  6 09:51:48 ubuntu dhcpd[945]: DHCPINFORM from 10.10.10.1 via 10.10.10.254: not authoritative for subnet 10.10.10.0
May  6 09:51:51 ubuntu dhcpd[945]: DHCPDISCOVER from 08:00:27:ed:86:69 (ubuntu) via enp0s3
May  6 09:51:52 ubuntu dhcpd[945]: DHCPOFFER on 10.10.20.72 to 08:00:27:ed:86:69 (ubuntu) via enp0s3
May  6 09:52:51 ubuntu dhcpd[945]: uid lease 10.10.10.2 for client 08:00:27:e4:5f:27 is duplicate on 10.10.10.0/24
May  6 09:52:51 ubuntu dhcpd[945]: DHCPREQUEST for 10.10.10.20 from 08:00:27:e4:5f:27 via enp0s3
May  6 09:52:51 ubuntu dhcpd[945]: DHCPACK on 10.10.10.20 to 08:00:27:e4:5f:27 via enp0s3
May  6 09:54:01 ubuntu dhcpd[945]: DHCPOFFER on 10.10.20.72 to 08:00:27:ed:86:69 (ubuntu) via enp0s3
May  6 09:54:01 ubuntu rsyslogd: cannot connect to 10.10.10.20:514: Connection refused [v8.32.0 try http://www.rsyslog.com/e/2027 ]
May  6 09:54:01 ubuntu rsyslogd: action 'action 4' resumed (module 'builtin:omfwd') [v8.32.0 try http://www.rsyslog.com/e/2359 ]
May  6 09:54:31 ubuntu dhcpd[945]: 4 bad IP checksums seen in 7 packets
May  6 09:54:42 ubuntu dhcpd[945]: DHCPINFORM from 10.10.10.1 via 10.10.10.254: not authoritative for subnet 10.10.10.0
May  6 09:54:45 ubuntu dhcpd[945]: DHCPINFORM from 10.10.10.1 via 10.10.10.254: not authoritative for subnet 10.10.10.0
May  6 09:55:04 ubuntu dhcpd[945]: DHCPDISCOVER from 08:00:27:ed:86:69 (ubuntu) via enp0s3
May  6 09:55:05 ubuntu dhcpd[945]: DHCPOFFER on 10.10.20.72 to 08:00:27:ed:86:69 (ubuntu) via enp0s3
May  6 09:55:26 ubuntu systemd[1]: Started Session 3 of user ubuntu.
May  6 09:56:07 ubuntu dhcpd[945]: DHCPDISCOVER from 08:00:27:ed:86:69 (ubuntu) via enp0s3
May  6 09:56:08 ubuntu dhcpd[945]: DHCPOFFER on 10.10.20.72 to 08:00:27:ed:86:69 (ubuntu) via enp0s3
May  6 09:56:33 ubuntu dhcpd[945]: DHCPREQUEST for 10.10.20.50 from b8:27:eb:36:4e:b7 via enp0s3
May  6 09:56:33 ubuntu dhcpd[945]: DHCPACK on 10.10.20.50 to b8:27:eb:36:4e:b7 via enp0s3
May  6 09:56:42 ubuntu dhcpd[945]: DHCPREQUEST for 10.10.10.1 from 08:00:27:d0:51:33 (Admin) via enp0s3
May  6 09:56:42 ubuntu dhcpd[945]: DHCPACK on 10.10.10.1 to 08:00:27:d0:51:33 (Admin) via enp0s3
May  6 09:57:10 ubuntu dhcpd[945]: DHCPDISCOVER from 08:00:27:ed:86:69 (ubuntu) via enp0s3
May  6 09:57:11 ubuntu dhcpd[945]: DHCPOFFER on 10.10.20.72 to 08:00:27:ed:86:69 (ubuntu) via enp0s3
May  6 09:57:20 ubuntu dhcpd[945]: DHCPINFORM from 10.10.10.1 via 10.10.10.254: not authoritative for subnet 10.10.10.0
May  6 09:57:23 ubuntu dhcpd[945]: DHCPINFORM from 10.10.10.1 via 10.10.10.254: not authoritative for subnet 10.10.10.0
May  6 09:57:54 ubuntu systemd[1]: Starting Cleanup of Temporary Directories...
May  6 09:57:54 ubuntu systemd[1]: Started Cleanup of Temporary Directories.
May  6 09:58:14 ubuntu dhcpd[945]: DHCPDISCOVER from 08:00:27:ed:86:69 (ubuntu) via enp0s3
May  6 09:58:15 ubuntu dhcpd[945]: DHCPOFFER on 10.10.20.72 to 08:00:27:ed:86:69 (ubuntu) via enp0s3
May  6 09:58:28 ubuntu dhcpd[945]: uid lease 10.10.10.2 for client 08:00:27:e4:5f:27 is duplicate on 10.10.10.0/24
May  6 09:58:28 ubuntu dhcpd[945]: DHCPREQUEST for 10.10.10.20 from 08:00:27:e4:5f:27 via enp0s3
May  6 09:58:28 ubuntu dhcpd[945]: DHCPACK on 10.10.10.20 to 08:00:27:e4:5f:27 via enp0s3
May  6 09:58:50 ubuntu dhcpd[945]: DHCPINFORM from 10.10.10.1 via 10.10.10.254: not authoritative for subnet 10.10.10.0
May  6 09:58:53 ubuntu dhcpd[945]: DHCPINFORM from 10.10.10.1 via 10.10.10.254: not authoritative for subnet 10.10.10.0
May  6 09:59:18 ubuntu dhcpd[945]: DHCPDISCOVER from 08:00:27:ed:86:69 (ubuntu) via enp0s3
May  6 09:59:19 ubuntu dhcpd[945]: DHCPOFFER on 10.10.20.72 to 08:00:27:ed:86:69 (ubuntu) via enp0s3
May  6 10:00:21 ubuntu dhcpd[945]: DHCPINFORM from 10.10.10.1 via 10.10.10.254: not authoritative for subnet 10.10.10.0
May  6 10:00:23 ubuntu dhcpd[945]: DHCPDISCOVER from 08:00:27:ed:86:69 (ubuntu) via enp0s3
May  6 10:00:24 ubuntu dhcpd[945]: DHCPOFFER on 10.10.20.72 to 08:00:27:ed:86:69 (ubuntu) via enp0s3
May  6 10:00:24 ubuntu dhcpd[945]: DHCPINFORM from 10.10.10.1 via 10.10.10.254: not authoritative for subnet 10.10.10.0
May  6 10:00:39 ubuntu dhcpd[945]: 4 bad IP checksums seen in 7 packets
May  6 10:01:27 ubuntu dhcpd[945]: DHCPDISCOVER from 08:00:27:ed:86:69 (ubuntu) via enp0s3
May  6 10:01:28 ubuntu dhcpd[945]: DHCPOFFER on 10.10.20.72 to 08:00:27:ed:86:69 (ubuntu) via enp0s3
May  6 10:01:33 ubuntu dhcpd[945]: DHCPREQUEST for 10.10.20.50 from b8:27:eb:36:4e:b7 via enp0s3
May  6 10:01:33 ubuntu dhcpd[945]: DHCPACK on 10.10.20.50 to b8:27:eb:36:4e:b7 via enp0s3
May  6 10:01:33 ubuntu dhcpd[945]: 3 bad IP checksums seen in 5 packets
May  6 10:01:42 ubuntu dhcpd[945]: DHCPREQUEST for 10.10.10.1 from 08:00:27:d0:51:33 (Admin) via enp0s3
May  6 10:01:42 ubuntu dhcpd[945]: DHCPACK on 10.10.10.1 to 08:00:27:d0:51:33 (Admin) via enp0s3
May  6 10:02:31 ubuntu dhcpd[945]: DHCPDISCOVER from 08:00:27:ed:86:69 (ubuntu) via enp0s3
May  6 10:02:32 ubuntu dhcpd[945]: DHCPOFFER on 10.10.20.72 to 08:00:27:ed:86:69 (ubuntu) via enp0s3
May  6 10:03:29 ubuntu dhcpd[945]: uid lease 10.10.10.2 for client 08:00:27:e4:5f:27 is duplicate on 10.10.10.0/24
May  6 10:03:29 ubuntu dhcpd[945]: DHCPREQUEST for 10.10.10.20 from 08:00:27:e4:5f:27 via enp0s3
May  6 10:03:29 ubuntu dhcpd[945]: DHCPACK on 10.10.10.20 to 08:00:27:e4:5f:27 via enp0s3
May  6 10:03:35 ubuntu dhcpd[945]: DHCPDISCOVER from 08:00:27:ed:86:69 (ubuntu) via enp0s3
May  6 10:03:36 ubuntu dhcpd[945]: DHCPOFFER on 10.10.20.72 to 08:00:27:ed:86:69 (ubuntu) via enp0s3
May  6 10:04:39 ubuntu dhcpd[945]: DHCPDISCOVER from 08:00:27:ed:86:69 (ubuntu) via enp0s3
May  6 10:04:40 ubuntu dhcpd[945]: DHCPOFFER on 10.10.20.72 to 08:00:27:ed:86:69 (ubuntu) via enp0s3
May  6 10:05:44 ubuntu dhcpd[945]: DHCPDISCOVER from 08:00:27:ed:86:69 (ubuntu) via enp0s3
May  6 10:05:45 ubuntu dhcpd[945]: DHCPOFFER on 10.10.20.72 to 08:00:27:ed:86:69 (ubuntu) via enp0s3
May  6 10:06:33 ubuntu dhcpd[945]: DHCPREQUEST for 10.10.20.50 from b8:27:eb:36:4e:b7 via enp0s3
May  6 10:06:33 ubuntu dhcpd[945]: DHCPACK on 10.10.20.50 to b8:27:eb:36:4e:b7 via enp0s3
May  6 10:06:42 ubuntu dhcpd[945]: DHCPREQUEST for 10.10.10.1 from 08:00:27:d0:51:33 (Admin) via enp0s3
May  6 10:06:42 ubuntu dhcpd[945]: DHCPACK on 10.10.10.1 to 08:00:27:d0:51:33 (Admin) via enp0s3
May  6 10:06:48 ubuntu dhcpd[945]: DHCPDISCOVER from 08:00:27:ed:86:69 (ubuntu) via enp0s3
May  6 10:06:49 ubuntu dhcpd[945]: DHCPOFFER on 10.10.20.72 to 08:00:27:ed:86:69 (ubuntu) via enp0s3
May  6 10:07:51 ubuntu dhcpd[945]: DHCPDISCOVER from 08:00:27:ed:86:69 (ubuntu) via enp0s3
May  6 10:07:52 ubuntu dhcpd[945]: DHCPOFFER on 10.10.20.72 to 08:00:27:ed:86:69 (ubuntu) via enp0s3
May  6 10:08:29 ubuntu dhcpd[945]: uid lease 10.10.10.2 for client 08:00:27:e4:5f:27 is duplicate on 10.10.10.0/24
May  6 10:08:29 ubuntu dhcpd[945]: DHCPREQUEST for 10.10.10.20 from 08:00:27:e4:5f:27 via enp0s3
May  6 10:08:29 ubuntu dhcpd[945]: DHCPACK on 10.10.10.20 to 08:00:27:e4:5f:27 via enp0s3
May  6 10:08:46 ubuntu dhcpd[945]: 4 bad IP checksums seen in 5 packets
May  6 10:08:49 ubuntu dhcpd[945]: DHCPDISCOVER from 08:00:27:ad:ef:d5 via enp0s3
May  6 10:08:49 ubuntu dhcpd[945]: DHCPOFFER on 10.10.20.10 to 08:00:27:ad:ef:d5 via enp0s3
May  6 10:08:49 ubuntu dhcpd[945]: DHCPREQUEST for 10.10.20.10 (10.10.20.40) from 08:00:27:ad:ef:d5 via enp0s3
May  6 10:08:49 ubuntu dhcpd[945]: DHCPACK on 10.10.20.10 to 08:00:27:ad:ef:d5 via enp0s3
May  6 10:08:56 ubuntu dhcpd[945]: DHCPDISCOVER from 08:00:27:ed:86:69 (ubuntu) via enp0s3
May  6 10:08:57 ubuntu dhcpd[945]: DHCPOFFER on 10.10.20.72 to 08:00:27:ed:86:69 (ubuntu) via enp0s3
May  6 10:08:59 ubuntu systemd-timesyncd[731]: Synchronized to time server 91.189.89.199:123 (ntp.ubuntu.com).
May  6 10:09:59 ubuntu dhcpd[945]: DHCPDISCOVER from 08:00:27:ed:86:69 (ubuntu) via enp0s3
May  6 10:10:00 ubuntu dhcpd[945]: DHCPOFFER on 10.10.20.72 to 08:00:27:ed:86:69 (ubuntu) via enp0s3
May  6 10:11:03 ubuntu dhcpd[945]: DHCPDISCOVER from 08:00:27:ed:86:69 (ubuntu) via enp0s3
May  6 10:11:04 ubuntu dhcpd[945]: DHCPOFFER on 10.10.20.72 to 08:00:27:ed:86:69 (ubuntu) via enp0s3
May  6 10:11:33 ubuntu dhcpd[945]: DHCPREQUEST for 10.10.20.50 from b8:27:eb:36:4e:b7 via enp0s3
May  6 10:11:33 ubuntu dhcpd[945]: DHCPACK on 10.10.20.50 to b8:27:eb:36:4e:b7 via enp0s3
May  6 10:11:42 ubuntu dhcpd[945]: DHCPREQUEST for 10.10.10.1 from 08:00:27:d0:51:33 (Admin) via enp0s3
May  6 10:11:42 ubuntu dhcpd[945]: DHCPACK on 10.10.10.1 to 08:00:27:d0:51:33 (Admin) via enp0s3
May  6 10:12:08 ubuntu dhcpd[945]: DHCPDISCOVER from 08:00:27:ed:86:69 (ubuntu) via enp0s3
May  6 10:12:09 ubuntu dhcpd[945]: DHCPOFFER on 10.10.20.72 to 08:00:27:ed:86:69 (ubuntu) via enp0s3
May  6 10:13:12 ubuntu dhcpd[945]: DHCPDISCOVER from 08:00:27:ed:86:69 (ubuntu) via enp0s3
May  6 10:13:13 ubuntu dhcpd[945]: DHCPOFFER on 10.10.20.72 to 08:00:27:ed:86:69 (ubuntu) via enp0s3
May  6 10:13:27 ubuntu dhclient[2526]: DHCPDISCOVER on enp0s3 to 255.255.255.255 port 67 interval 3 (xid=0x4b3e33c)
May  6 10:13:28 ubuntu dhcpd[945]: DHCPDISCOVER from 08:00:27:ed:86:69 via enp0s3
May  6 10:13:29 ubuntu dhcpd[945]: DHCPOFFER on 10.10.20.73 to 08:00:27:ed:86:69 (ubuntu) via enp0s3
May  6 10:13:29 ubuntu dhclient[2526]: DHCPREQUEST of 10.10.20.73 on enp0s3 to 255.255.255.255 port 67 (xid=0x3ce3b304)
May  6 10:13:29 ubuntu dhclient[2526]: DHCPOFFER of 10.10.20.73 from 10.10.20.40
May  6 10:13:29 ubuntu dhcpd[945]: DHCPREQUEST for 10.10.20.73 (10.10.20.40) from 08:00:27:ed:86:69 (ubuntu) via enp0s3
May  6 10:13:29 ubuntu dhcpd[945]: DHCPACK on 10.10.20.73 to 08:00:27:ed:86:69 (ubuntu) via enp0s3
May  6 10:13:29 ubuntu dhclient[2526]: DHCPACK of 10.10.20.73 from 10.10.20.40
May  6 10:13:29 ubuntu systemd[1]: Stopping Network Name Resolution...
May  6 10:13:29 ubuntu systemd[1]: Stopped Network Name Resolution.
May  6 10:13:29 ubuntu systemd[1]: Starting Network Name Resolution...
May  6 10:13:29 ubuntu systemd-resolved[2547]: Positive Trust Anchors:
May  6 10:13:29 ubuntu systemd-resolved[2547]: . IN DS 19036 8 2 49aac11d7b6f6446702e54a1607371607a1a41855200fd2ce1cdde32f24e8fb5
May  6 10:13:29 ubuntu systemd-resolved[2547]: . IN DS 20326 8 2 e06d44b80b8f1d39a95c0b0d7c65d08458e880409bbc683457104237c7f8ec8d
May  6 10:13:29 ubuntu systemd-resolved[2547]: Negative trust anchors: 10.in-addr.arpa 16.172.in-addr.arpa 17.172.in-addr.arpa 18.172.in-addr.arpa 19.172.in-addr.arpa 20.172.in-addr.arpa 21.172.in-addr.arpa 22.172.in-addr.arpa 23.172.in-addr.arpa 24.172.in-addr.arpa 25.172.in-addr.arpa 26.172.in-addr.arpa 27.172.in-addr.arpa 28.172.in-addr.arpa 29.172.in-addr.arpa 30.172.in-addr.arpa 31.172.in-addr.arpa 168.192.in-addr.arpa d.f.ip6.arpa corp home internal intranet lan local private test
May  6 10:13:29 ubuntu systemd-resolved[2547]: Using system hostname 'ubuntu'.
May  6 10:13:29 ubuntu systemd[1]: Started Network Name Resolution.
May  6 10:13:29 ubuntu dhclient[2526]: bound to 10.10.20.73 -- renewal in 259 seconds.
May  6 10:13:29 ubuntu dhcpd[945]: uid lease 10.10.10.2 for client 08:00:27:e4:5f:27 is duplicate on 10.10.10.0/24
May  6 10:13:29 ubuntu dhcpd[945]: DHCPREQUEST for 10.10.10.20 from 08:00:27:e4:5f:27 via enp0s3
May  6 10:13:29 ubuntu dhcpd[945]: DHCPACK on 10.10.10.20 to 08:00:27:e4:5f:27 via enp0s3
May  6 10:13:46 ubuntu dhclient[2581]: Internet Systems Consortium DHCP Client 4.3.5
May  6 10:13:46 ubuntu dhclient[2581]: Copyright 2004-2016 Internet Systems Consortium.
May  6 10:13:46 ubuntu dhclient[2581]: All rights reserved.
May  6 10:13:46 ubuntu dhclient[2581]: For info, please visit https://www.isc.org/software/dhcp/
May  6 10:13:46 ubuntu dhclient[2581]: Unknown command: -
May  6 10:13:46 ubuntu dhclient[2581]: Usage: dhclient [-4|-6] [-SNTPRI1dvrxi] [-nw] [-p <port>] [-D LL|LLT] #012                [-s server-addr] [-cf config-file]#012                [-df duid-file] [-lf lease-file]#012                [-pf pid-file] [--no-pid] [-e VAR=val]#012                [-sf script-file] [interface]*
May  6 10:13:46 ubuntu dhclient[2581]: 
May  6 10:13:46 ubuntu dhclient[2581]: If you think you have received this message due to a bug rather
May  6 10:13:46 ubuntu dhclient[2581]: than a configuration issue please read the section on submitting
May  6 10:13:47 ubuntu dhclient[2581]: bugs on either our web page at www.isc.org or in the README file
May  6 10:13:47 ubuntu dhclient[2581]: before submitting a bug.  These pages explain the proper
May  6 10:13:47 ubuntu dhclient[2581]: process and the information we find helpful for debugging..
May  6 10:13:47 ubuntu dhclient[2581]: 
May  6 10:13:47 ubuntu dhclient[2581]: exiting.
May  6 10:13:48 ubuntu dhcpd[945]: DHCPREQUEST for 10.10.20.10 from 08:00:27:ad:ef:d5 via enp0s3
May  6 10:13:48 ubuntu dhcpd[945]: DHCPACK on 10.10.20.10 to 08:00:27:ad:ef:d5 via enp0s3
May  6 10:13:49 ubuntu dhclient[2583]: DHCPREQUEST of 10.10.20.73 on enp0s3 to 255.255.255.255 port 67 (xid=0x645f615a)
May  6 10:13:49 ubuntu dhcpd[945]: reuse_lease: lease age 20 (secs) under 25% threshold, reply with unaltered, existing lease for 10.10.20.73
May  6 10:13:49 ubuntu dhcpd[945]: DHCPREQUEST for 10.10.20.73 from 08:00:27:ed:86:69 (ubuntu) via enp0s3
May  6 10:13:49 ubuntu dhcpd[945]: DHCPACK on 10.10.20.73 to 08:00:27:ed:86:69 (ubuntu) via enp0s3
May  6 10:13:49 ubuntu dhclient[2583]: DHCPACK of 10.10.20.73 from 10.10.20.40
May  6 10:13:49 ubuntu dhclient[2583]: bound to 10.10.20.73 -- renewal in 234 seconds.
May  6 10:14:16 ubuntu dhcpd[945]: DHCPDISCOVER from 08:00:27:ed:86:69 (ubuntu) via enp0s3
May  6 10:14:17 ubuntu dhcpd[945]: DHCPOFFER on 10.10.20.72 to 08:00:27:ed:86:69 (ubuntu) via enp0s3
May  6 10:15:00 ubuntu dhcpd[945]: 4 bad IP checksums seen in 5 packets
May  6 10:15:20 ubuntu dhcpd[945]: DHCPDISCOVER from 08:00:27:ed:86:69 (ubuntu) via enp0s3
May  6 10:15:21 ubuntu dhcpd[945]: DHCPOFFER on 10.10.20.72 to 08:00:27:ed:86:69 (ubuntu) via enp0s3
May  6 10:15:45 ubuntu systemd[1]: Reloading.
May  6 10:15:46 ubuntu systemd[1]: Reloading.
May  6 10:15:47 ubuntu systemd[1]: Starting Daily apt download activities...
May  6 10:15:47 ubuntu systemd[1]: Reloading.
May  6 10:15:47 ubuntu systemd[1]: Started resolvconf-pull-resolved.path.
May  6 10:15:47 ubuntu systemd[1]: Reloading.
May  6 10:15:48 ubuntu systemd[1]: message repeated 2 times: [ Reloading.]
May  6 10:16:03 ubuntu dhcpd[945]: 4 bad IP checksums seen in 5 packets
May  6 10:16:17 ubuntu systemd-networkd-wait-online[286 Event loop failed: Connection timed out
May  6 10:16:17 ubuntu apt-helper[2852]: E: Sub-process /lib/systemd/systemd-networkd-wait-online returned an error code (1)
May  6 10:16:17 ubuntu systemd[1]: apt-daily.service: Control process exited, code=exited status=100
May  6 10:16:17 ubuntu systemd[1]: apt-daily.service: Failed with result 'exit-code'.
May  6 10:16:17 ubuntu systemd[1]: Failed to start Daily apt download activities.
May  6 10:16:23 ubuntu dhcpd[945]: DHCPDISCOVER from 08:00:27:ed:86:69 (ubuntu) via enp0s3
May  6 10:16:24 ubuntu dhcpd[945]: DHCPOFFER on 10.10.20.72 to 08:00:27:ed:86:69 (ubuntu) via enp0s3
May  6 10:16:33 ubuntu dhcpd[945]: DHCPREQUEST for 10.10.20.50 from b8:27:eb:36:4e:b7 via enp0s3
May  6 10:16:33 ubuntu dhcpd[945]: DHCPACK on 10.10.20.50 to b8:27:eb:36:4e:b7 via enp0s3
May  6 10:16:42 ubuntu dhcpd[945]: DHCPREQUEST for 10.10.10.1 from 08:00:27:d0:51:33 (Admin) via enp0s3
May  6 10:16:42 ubuntu dhcpd[945]: DHCPACK on 10.10.10.1 to 08:00:27:d0:51:33 (Admin) via enp0s3
May  6 10:17:01 ubuntu CRON[3197]: (root) CMD (   cd / && run-parts --report /etc/cron.hourly)
May  6 10:17:26 ubuntu dhcpd[945]: DHCPDISCOVER from 08:00:27:ed:86:69 (ubuntu) via enp0s3
May  6 10:17:27 ubuntu dhcpd[945]: DHCPOFFER on 10.10.20.72 to 08:00:27:ed:86:69 (ubuntu) via enp0s3
May  6 10:17:43 ubuntu dhclient[2603]: DHCPREQUEST of 10.10.20.73 on enp0s3 to 10.10.20.40 port 67 (xid=0x645f615a)
May  6 10:17:46 ubuntu dhclient[2603]: DHCPREQUEST of 10.10.20.73 on enp0s3 to 10.10.20.40 port 67 (xid=0x645f615a)
May  6 10:17:48 ubuntu dhclient[2571]: DHCPREQUEST of 10.10.20.73 on enp0s3 to 10.10.20.40 port 67 (xid=0x3ce3b304)
May  6 10:17:51 ubuntu dhclient[2571]: DHCPREQUEST of 10.10.20.73 on enp0s3 to 10.10.20.40 port 67 (xid=0x3ce3b304)
May  6 10:17:51 ubuntu dhclient[2603]: DHCPREQUEST of 10.10.20.73 on enp0s3 to 10.10.20.40 port 67 (xid=0x645f615a)
May  6 10:17:58 ubuntu dhclient[2571]: DHCPREQUEST of 10.10.20.73 on enp0s3 to 10.10.20.40 port 67 (xid=0x3ce3b304)
May  6 10:17:58 ubuntu dhclient[2603]: DHCPREQUEST of 10.10.20.73 on enp0s3 to 10.10.20.40 port 67 (xid=0x645f615a)
May  6 10:18:10 ubuntu dhclient[2603]: DHCPREQUEST of 10.10.20.73 on enp0s3 to 10.10.20.40 port 67 (xid=0x645f615a)
May  6 10:18:19 ubuntu dhclient[2571]: DHCPREQUEST of 10.10.20.73 on enp0s3 to 10.10.20.40 port 67 (xid=0x3ce3b304)
May  6 10:18:21 ubuntu dhclient[2603]: DHCPREQUEST of 10.10.20.73 on enp0s3 to 10.10.20.40 port 67 (xid=0x645f615a)
May  6 10:18:29 ubuntu dhcpd[945]: DHCPDISCOVER from 08:00:27:ed:86:69 (ubuntu) via enp0s3
May  6 10:18:30 ubuntu dhcpd[945]: uid lease 10.10.10.2 for client 08:00:27:e4:5f:27 is duplicate on 10.10.10.0/24
May  6 10:18:30 ubuntu dhcpd[945]: DHCPREQUEST for 10.10.10.20 from 08:00:27:e4:5f:27 via enp0s3
May  6 10:18:30 ubuntu dhcpd[945]: DHCPACK on 10.10.10.20 to 08:00:27:e4:5f:27 via enp0s3
May  6 10:18:30 ubuntu dhcpd[945]: DHCPOFFER on 10.10.20.72 to 08:00:27:ed:86:69 (ubuntu) via enp0s3
May  6 10:18:31 ubuntu dhclient[2571]: DHCPREQUEST of 10.10.20.73 on enp0s3 to 10.10.20.40 port 67 (xid=0x3ce3b304)
May  6 10:18:33 ubuntu dhclient[2603]: DHCPREQUEST of 10.10.20.73 on enp0s3 to 10.10.20.40 port 67 (xid=0x645f615a)
May  6 10:18:44 ubuntu dhclient[2571]: DHCPREQUEST of 10.10.20.73 on enp0s3 to 10.10.20.40 port 67 (xid=0x3ce3b304)
May  6 10:18:46 ubuntu dhclient[2603]: DHCPREQUEST of 10.10.20.73 on enp0s3 to 10.10.20.40 port 67 (xid=0x645f615a)
May  6 10:18:48 ubuntu dhcpd[945]: DHCPREQUEST for 10.10.20.10 from 08:00:27:ad:ef:d5 via enp0s3
May  6 10:18:48 ubuntu dhcpd[945]: DHCPACK on 10.10.20.10 to 08:00:27:ad:ef:d5 via enp0s3
May  6 10:19:01 ubuntu dhclient[2603]: DHCPREQUEST of 10.10.20.73 on enp0s3 to 10.10.20.40 port 67 (xid=0x645f615a)
May  6 10:19:04 ubuntu dhclient[2571]: DHCPREQUEST of 10.10.20.73 on enp0s3 to 10.10.20.40 port 67 (xid=0x3ce3b304)
May  6 10:19:15 ubuntu dhclient[2571]: DHCPREQUEST of 10.10.20.73 on enp0s3 to 10.10.20.40 port 67 (xid=0x3ce3b304)
May  6 10:19:19 ubuntu dhclient[2603]: DHCPREQUEST of 10.10.20.73 on enp0s3 to 10.10.20.40 port 67 (xid=0x645f615a)
May  6 10:19:26 ubuntu dhclient[2571]: DHCPREQUEST of 10.10.20.73 on enp0s3 to 10.10.20.40 port 67 (xid=0x3ce3b304)
May  6 10:19:29 ubuntu dhclient[2603]: DHCPREQUEST of 10.10.20.73 on enp0s3 to 10.10.20.40 port 67 (xid=0x645f615a)
May  6 10:19:33 ubuntu dhcpd[945]: DHCPDISCOVER from 08:00:27:ed:86:69 (ubuntu) via enp0s3
May  6 10:19:34 ubuntu dhcpd[945]: DHCPOFFER on 10.10.20.72 to 08:00:27:ed:86:69 (ubuntu) via enp0s3
May  6 10:19:40 ubuntu dhclient[2603]: DHCPREQUEST of 10.10.20.73 on enp0s3 to 10.10.20.40 port 67 (xid=0x645f615a)
May  6 10:19:42 ubuntu dhclient[2571]: DHCPREQUEST of 10.10.20.73 on enp0s3 to 10.10.20.40 port 67 (xid=0x3ce3b304)
May  6 10:19:52 ubuntu dhclient[2571]: DHCPREQUEST of 10.10.20.73 on enp0s3 to 10.10.20.40 port 67 (xid=0x3ce3b304)
May  6 10:19:57 ubuntu dhclient[2603]: DHCPREQUEST of 10.10.20.73 on enp0s3 to 10.10.20.40 port 67 (xid=0x645f615a)
May  6 10:20:07 ubuntu dhclient[2571]: DHCPREQUEST of 10.10.20.73 on enp0s3 to 10.10.20.40 port 67 (xid=0x3ce3b304)
May  6 10:20:18 ubuntu systemd[1]: Starting Nameserver information manager...
May  6 10:20:18 ubuntu systemd[1]: Started Nameserver information manager.
May  6 10:20:19 ubuntu dhclient[2603]: DHCPREQUEST of 10.10.20.73 on enp0s3 to 10.10.20.40 port 67 (xid=0x645f615a)
May  6 10:20:24 ubuntu dhclient[2571]: DHCPREQUEST of 10.10.20.73 on enp0s3 to 10.10.20.40 port 67 (xid=0x3ce3b304)
May  6 10:20:30 ubuntu dhclient[2603]: DHCPREQUEST of 10.10.20.73 on enp0s3 to 10.10.20.40 port 67 (xid=0x645f615a)
May  6 10:20:33 ubuntu dhclient[2571]: DHCPREQUEST of 10.10.20.73 on enp0s3 to 10.10.20.40 port 67 (xid=0x3ce3b304)
May  6 10:20:37 ubuntu dhcpd[945]: DHCPDISCOVER from 08:00:27:ed:86:69 (ubuntu) via enp0s3
May  6 10:20:38 ubuntu dhclient[2603]: DHCPREQUEST of 10.10.20.73 on enp0s3 to 10.10.20.40 port 67 (xid=0x645f615a)
May  6 10:20:38 ubuntu dhcpd[945]: DHCPOFFER on 10.10.20.72 to 08:00:27:ed:86:69 (ubuntu) via enp0s3
May  6 10:20:46 ubuntu dhclient[2571]: DHCPREQUEST of 10.10.20.73 on enp0s3 to 10.10.20.40 port 67 (xid=0x3ce3b304)
May  6 10:20:49 ubuntu dhclient[2603]: DHCPREQUEST of 10.10.20.73 on enp0s3 to 10.10.20.40 port 67 (xid=0x645f615a)
May  6 10:20:58 ubuntu dhclient[2603]: DHCPREQUEST of 10.10.20.73 on enp0s3 to 10.10.20.40 port 67 (xid=0x645f615a)
May  6 10:21:06 ubuntu dhclient[2571]: DHCPREQUEST of 10.10.20.73 on enp0s3 to 10.10.20.40 port 67 (xid=0x3ce3b304)
May  6 10:21:12 ubuntu dhclient[2603]: DHCPREQUEST of 10.10.20.73 on enp0s3 to 10.10.20.40 port 67 (xid=0x645f615a)
May  6 10:21:14 ubuntu systemd[1]: Stopping Nameserver information manager...
May  6 10:21:14 ubuntu systemd[1]: Stopped Nameserver information manager.
May  6 10:21:14 ubuntu systemd[1]: Starting Nameserver information manager...
May  6 10:21:14 ubuntu systemd[1]: Started Nameserver information manager.
May  6 10:21:19 ubuntu dhclient[2603]: DHCPREQUEST of 10.10.20.73 on enp0s3 to 10.10.20.40 port 67 (xid=0x645f615a)
May  6 10:21:19 ubuntu dhclient[2571]: DHCPREQUEST of 10.10.20.73 on enp0s3 to 10.10.20.40 port 67 (xid=0x3ce3b304)
May  6 10:21:28 ubuntu dhclient[2603]: DHCPREQUEST of 10.10.20.73 on enp0s3 to 10.10.20.40 port 67 (xid=0x645f615a)
May  6 10:21:30 ubuntu dhclient[2571]: DHCPREQUEST of 10.10.20.73 on enp0s3 to 10.10.20.40 port 67 (xid=0x3ce3b304)
May  6 10:21:33 ubuntu dhcpd[945]: DHCPREQUEST for 10.10.20.50 from b8:27:eb:36:4e:b7 via enp0s3
May  6 10:21:33 ubuntu dhcpd[945]: DHCPACK on 10.10.20.50 to b8:27:eb:36:4e:b7 via enp0s3
May  6 10:21:34 ubuntu systemd[1]: Stopping Session 1 of user ubuntu.
May  6 10:21:34 ubuntu systemd[1]: Stopped target Host and Network Name Lookups.
May  6 10:21:34 ubuntu systemd[1]: Stopped target Cloud-init target.
May  6 10:21:34 ubuntu systemd[1]: Stopped Execute cloud user/final scripts.
May  6 10:21:34 ubuntu systemd[1]: Stopped target Sound Card.
May  6 10:21:34 ubuntu systemd[1]: Closed Load/Save RF Kill Switch Status /dev/rfkill Watch.
May  6 10:21:34 ubuntu systemd[1]: Stopping Authorization Manager...
May  6 10:21:34 ubuntu systemd[1]: Stopping Availability of block devices...
May  6 10:21:34 ubuntu systemd[1]: Stopping User Manager for UID 1000...
May  6 10:21:34 ubuntu systemd[1]: Stopped target Graphical Interface.
May  6 10:21:34 ubuntu systemd[1]: Stopping Accounts Service...
May  6 10:21:34 ubuntu systemd[1]: Stopped Apply the settings specified in cloud-config.
May  6 10:21:34 ubuntu systemd[1]: Stopped target Cloud-config availability.
May  6 10:21:34 ubuntu systemd[1]: Stopped target Timers.
May  6 10:21:34 ubuntu systemd[1]: Stopped Daily apt upgrade and clean activities.
May  6 10:21:34 ubuntu systemd[1]: Stopped Daily Cleanup of Temporary Directories.
May  6 10:21:34 ubuntu systemd[1]: Stopped Message of the Day.
May  6 10:21:34 ubuntu systemd[1]: Stopped Discard unused blocks once a week.
May  6 10:24:05 ubuntu kernel: [    0.000000] Linux version 4.15.0-99-generic (buildd@lcy01-amd64-013) (gcc version 7.5.0 (Ubuntu 7.5.0-3ubuntu1~18.04)) #100-Ubuntu SMP Wed Apr 22 20:32:56 UTC 2020 (Ubuntu 4.15.0-99.100-generic 4.15.18)
May  6 10:24:05 ubuntu kernel: [    0.000000] Command line: BOOT_IMAGE=/boot/vmlinuz-4.15.0-99-generic root=UUID=395d005b-0390-4968-a2c4-8ad8a05a854b ro maybe-ubiquity
May  6 10:24:05 ubuntu kernel: [    0.000000] KERNEL supported cpus:
May  6 10:24:05 ubuntu kernel: [    0.000000]   Intel GenuineIntel
May  6 10:24:05 ubuntu kernel: [    0.000000]   AMD AuthenticAMD
May  6 10:24:05 ubuntu kernel: [    0.000000]   Centaur CentaurHauls
May  6 10:24:05 ubuntu kernel: [    0.000000] x86/fpu: Supporting XSAVE feature 0x001: 'x87 floating point registers'
May  6 10:24:05 ubuntu kernel: [    0.000000] x86/fpu: Supporting XSAVE feature 0x002: 'SSE registers'
May  6 10:24:05 ubuntu kernel: [    0.000000] x86/fpu: Supporting XSAVE feature 0x004: 'AVX registers'
May  6 10:24:05 ubuntu kernel: [    0.000000] x86/fpu: xstate_offset[2]:  576, xstate_sizes[2]:  256
May  6 10:24:05 ubuntu kernel: [    0.000000] x86/fpu: Enabled xstate features 0x7, context size is 832 bytes, using 'standard' format.
May  6 10:24:05 ubuntu kernel: [    0.000000] e820: BIOS-provided physical RAM map:
May  6 10:24:05 ubuntu kernel: [    0.000000] BIOS-e820: [mem 0x0000000000000000-0x000000000009fbff] usable
May  6 10:24:05 ubuntu kernel: [    0.000000] BIOS-e820: [mem 0x000000000009fc00-0x000000000009ffff] reserved
May  6 10:24:05 ubuntu kernel: [    0.000000] BIOS-e820: [mem 0x00000000000f0000-0x00000000000fffff] reserved
May  6 10:24:05 ubuntu kernel: [    0.000000] BIOS-e820: [mem 0x0000000000100000-0x000000003ffeffff] usable
May  6 10:24:05 ubuntu kernel: [    0.000000] BIOS-e820: [mem 0x000000003fff0000-0x000000003fffffff] ACPI data
May  6 10:24:05 ubuntu kernel: [    0.000000] BIOS-e820: [mem 0x00000000fec00000-0x00000000fec00fff] reserved
May  6 10:24:05 ubuntu kernel: [    0.000000] BIOS-e820: [mem 0x00000000fee00000-0x00000000fee00fff] reserved
May  6 10:24:05 ubuntu kernel: [    0.000000] BIOS-e820: [mem 0x00000000fffc0000-0x00000000ffffffff] reserved
May  6 10:24:05 ubuntu kernel: [    0.000000] NX (Execute Disable) protection: active
May  6 10:24:05 ubuntu kernel: [    0.000000] SMBIOS 2.5 present.
May  6 10:24:05 ubuntu kernel: [    0.000000] DMI: innotek GmbH VirtualBox/VirtualBox, BIOS VirtualBox 12/01/2006
May  6 10:24:05 ubuntu kernel: [    0.000000] Hypervisor detected: KVM
May  6 10:24:05 ubuntu kernel: [    0.000000] e820: update [mem 0x00000000-0x00000fff] usable ==> reserved
May  6 10:24:05 ubuntu kernel: [    0.000000] e820: remove [mem 0x000a0000-0x000fffff] usable
May  6 10:24:05 ubuntu kernel: [    0.000000] e820: last_pfn = 0x3fff0 max_arch_pfn = 0x400000000
May  6 10:24:05 ubuntu kernel: [    0.000000] MTRR default type: uncachable
May  6 10:24:05 ubuntu kernel: [    0.000000] MTRR variable ranges disabled:
May  6 10:24:05 ubuntu kernel: [    0.000000] MTRR: Disabled
May  6 10:24:05 ubuntu kernel: [    0.000000] x86/PAT: MTRRs disabled, skipping PAT initialization too.
May  6 10:24:05 ubuntu kernel: [    0.000000] CPU MTRRs all blank - virtualized system.
May  6 10:24:05 ubuntu kernel: [    0.000000] x86/PAT: Configuration [0-7]: WB  WT  UC- UC  WB  WT  UC- UC  
May  6 10:24:05 ubuntu kernel: [    0.000000] Scanning 1 areas for low memory corruption
May  6 10:24:05 ubuntu kernel: [    0.000000] BRK [0x30191000, 0x30191fff] PGTABLE
May  6 10:24:05 ubuntu kernel: [    0.000000] BRK [0x30192000, 0x30192fff] PGTABLE
May  6 10:24:05 ubuntu kernel: [    0.000000] BRK [0x30193000, 0x30193fff] PGTABLE
May  6 10:24:05 ubuntu kernel: [    0.000000] BRK [0x30194000, 0x30194fff] PGTABLE
May  6 10:24:05 ubuntu kernel: [    0.000000] BRK [0x30195000, 0x30195fff] PGTABLE
May  6 10:24:05 ubuntu kernel: [    0.000000] RAMDISK: [mem 0x3117f000-0x348b6fff]
May  6 10:24:05 ubuntu kernel: [    0.000000] ACPI: Early table checksum verification disabled
May  6 10:24:05 ubuntu kernel: [    0.000000] ACPI: RSDP 0x00000000000E0000 000024 (v02 VBOX  )
May  6 10:24:05 ubuntu kernel: [    0.000000] ACPI: XSDT 0x000000003FFF0030 00003C (v01 VBOX   VBOXXSDT 00000001 ASL  00000061)
May  6 10:24:05 ubuntu kernel: [    0.000000] ACPI: FACP 0x000000003FFF00F0 0000F4 (v04 VBOX   VBOXFACP 00000001 ASL  00000061)
May  6 10:24:05 ubuntu kernel: [    0.000000] ACPI: DSDT 0x000000003FFF0470 0022EA (v02 VBOX   VBOXBIOS 00000002 INTL 20100528)
May  6 10:24:05 ubuntu kernel: [    0.000000] ACPI: FACS 0x000000003FFF0200 000040
May  6 10:24:05 ubuntu kernel: [    0.000000] ACPI: FACS 0x000000003FFF0200 000040
May  6 10:24:05 ubuntu kernel: [    0.000000] ACPI: APIC 0x000000003FFF0240 000054 (v02 VBOX   VBOXAPIC 00000001 ASL  00000061)
May  6 10:24:05 ubuntu kernel: [    0.000000] ACPI: SSDT 0x000000003FFF02A0 0001CC (v01 VBOX   VBOXCPUT 00000002 INTL 20100528)
May  6 10:24:05 ubuntu kernel: [    0.000000] ACPI: Local APIC address 0xfee00000
May  6 10:24:05 ubuntu kernel: [    0.000000] No NUMA configuration found
May  6 10:24:05 ubuntu kernel: [    0.000000] Faking a node at [mem 0x0000000000000000-0x000000003ffeffff]
May  6 10:24:05 ubuntu kernel: [    0.000000] NODE_DATA(0) allocated [mem 0x3ffc5000-0x3ffeffff]
May  6 10:24:05 ubuntu kernel: [    0.000000] kvm-clock: cpu 0, msr 0:3ff44001, primary cpu clock
May  6 10:24:05 ubuntu kernel: [    0.000000] kvm-clock: Using msrs 4b564d01 and 4b564d00
May  6 10:24:05 ubuntu kernel: [    0.000000] kvm-clock: using sched offset of 2341703945080 cycles
May  6 10:24:05 ubuntu kernel: [    0.000000] clocksource: kvm-clock: mask: 0xffffffffffffffff max_cycles: 0x1cd42e4dffb, max_idle_ns: 881590591483 ns
May  6 10:24:05 ubuntu kernel: [    0.000000] Zone ranges:
May  6 10:24:05 ubuntu kernel: [    0.000000]   DMA      [mem 0x0000000000001000-0x0000000000ffffff]
May  6 10:24:05 ubuntu kernel: [    0.000000]   DMA32    [mem 0x0000000001000000-0x000000003ffeffff]
May  6 10:24:05 ubuntu kernel: [    0.000000]   Normal   empty
May  6 10:24:05 ubuntu kernel: [    0.000000]   Device   empty
May  6 10:24:05 ubuntu kernel: [    0.000000] Movable zone start for each node
May  6 10:24:05 ubuntu kernel: [    0.000000] Early memory node ranges
May  6 10:24:05 ubuntu kernel: [    0.000000]   node   0: [mem 0x0000000000001000-0x000000000009efff]
May  6 10:24:05 ubuntu kernel: [    0.000000]   node   0: [mem 0x0000000000100000-0x000000003ffeffff]
May  6 10:24:05 ubuntu kernel: [    0.000000] Reserved but unavailable: 98 pages
May  6 10:24:05 ubuntu kernel: [    0.000000] Initmem setup node 0 [mem 0x0000000000001000-0x000000003ffeffff]
May  6 10:24:05 ubuntu kernel: [    0.000000] On node 0 totalpages: 262030
May  6 10:24:05 ubuntu kernel: [    0.000000]   DMA zone: 64 pages used for memmap
May  6 10:24:05 ubuntu kernel: [    0.000000]   DMA zone: 21 pages reserved
May  6 10:24:05 ubuntu kernel: [    0.000000]   DMA zone: 3998 pages, LIFO batch:0
May  6 10:24:05 ubuntu kernel: [    0.000000]   DMA32 zone: 4032 pages used for memmap
May  6 10:24:05 ubuntu kernel: [    0.000000]   DMA32 zone: 258032 pages, LIFO batch:31
May  6 10:24:05 ubuntu kernel: [    0.000000] ACPI: PM-Timer IO Port: 0x4008
May  6 10:24:05 ubuntu kernel: [    0.000000] ACPI: Local APIC address 0xfee00000
May  6 10:24:05 ubuntu kernel: [    0.000000] IOAPIC[0]: apic_id 1, version 32, address 0xfec00000, GSI 0-23
May  6 10:24:05 ubuntu kernel: [    0.000000] ACPI: INT_SRC_OVR (bus 0 bus_irq 0 global_irq 2 dfl dfl)
May  6 10:24:05 ubuntu kernel: [    0.000000] ACPI: INT_SRC_OVR (bus 0 bus_irq 9 global_irq 9 low level)
May  6 10:24:05 ubuntu kernel: [    0.000000] ACPI: IRQ0 used by override.
May  6 10:24:05 ubuntu kernel: [    0.000000] ACPI: IRQ9 used by override.
May  6 10:24:05 ubuntu kernel: [    0.000000] Using ACPI (MADT) for SMP configuration information
May  6 10:24:05 ubuntu kernel: [    0.000000] smpboot: Allowing 1 CPUs, 0 hotplug CPUs
May  6 10:24:05 ubuntu kernel: [    0.000000] PM: Registered nosave memory: [mem 0x00000000-0x00000fff]
May  6 10:24:05 ubuntu kernel: [    0.000000] PM: Registered nosave memory: [mem 0x0009f000-0x0009ffff]
May  6 10:24:05 ubuntu kernel: [    0.000000] PM: Registered nosave memory: [mem 0x000a0000-0x000effff]
May  6 10:24:05 ubuntu kernel: [    0.000000] PM: Registered nosave memory: [mem 0x000f0000-0x000fffff]
May  6 10:24:05 ubuntu kernel: [    0.000000] e820: [mem 0x40000000-0xfebfffff] available for PCI devices
May  6 10:24:05 ubuntu kernel: [    0.000000] Booting paravirtualized kernel on KVM
May  6 10:24:05 ubuntu kernel: [    0.000000] clocksource: refined-jiffies: mask: 0xffffffff max_cycles: 0xffffffff, max_idle_ns: 7645519600211568 ns
May  6 10:24:05 ubuntu kernel: [    0.000000] random: get_random_bytes called from start_kernel+0x99/0x4fd with crng_init=0
May  6 10:24:05 ubuntu kernel: [    0.000000] setup_percpu: NR_CPUS:8192 nr_cpumask_bits:1 nr_cpu_ids:1 nr_node_ids:1
May  6 10:24:05 ubuntu kernel: [    0.000000] percpu: Embedded 45 pages/cpu s147456 r8192 d28672 u2097152
May  6 10:24:05 ubuntu kernel: [    0.000000] pcpu-alloc: s147456 r8192 d28672 u2097152 alloc=1*2097152
May  6 10:24:05 ubuntu kernel: [    0.000000] pcpu-alloc: [0] 0 
May  6 10:24:05 ubuntu kernel: [    0.000000] PV qspinlock hash table entries: 256 (order: 0, 4096 bytes)
May  6 10:24:05 ubuntu kernel: [    0.000000] Built 1 zonelists, mobility grouping on.  Total pages: 257913
May  6 10:24:05 ubuntu kernel: [    0.000000] Policy zone: DMA32
May  6 10:24:05 ubuntu kernel: [    0.000000] Kernel command line: BOOT_IMAGE=/boot/vmlinuz-4.15.0-99-generic root=UUID=395d005b-0390-4968-a2c4-8ad8a05a854b ro maybe-ubiquity
May  6 10:24:05 ubuntu kernel: [    0.000000] Calgary: detecting Calgary via BIOS EBDA area
May  6 10:24:05 ubuntu kernel: [    0.000000] Calgary: Unable to locate Rio Grande table in EBDA - bailing!
May  6 10:24:05 ubuntu kernel: [    0.000000] Memory: 945904K/1048120K available (12300K kernel code, 2481K rwdata, 4268K rodata, 2432K init, 2712K bss, 102216K reserved, 0K cma-reserved)
May  6 10:24:05 ubuntu kernel: [    0.000000] SLUB: HWalign=64, Order=0-3, MinObjects=0, CPUs=1, Nodes=1
May  6 10:24:05 ubuntu kernel: [    0.000000] Kernel/User page tables isolation: enabled
May  6 10:24:05 ubuntu kernel: [    0.000000] ftrace: allocating 39364 entries in 154 pages
May  6 10:24:05 ubuntu kernel: [    0.004000] Hierarchical RCU implementation.
May  6 10:24:05 ubuntu kernel: [    0.004000] #011RCU restricting CPUs from NR_CPUS=8192 to nr_cpu_ids=1.
May  6 10:24:05 ubuntu kernel: [    0.004000] #011Tasks RCU enabled.
May  6 10:24:05 ubuntu kernel: [    0.004000] RCU: Adjusting geometry for rcu_fanout_leaf=16, nr_cpu_ids=1
May  6 10:24:05 ubuntu kernel: [    0.004000] NR_IRQS: 524544, nr_irqs: 256, preallocated irqs: 16
May  6 10:24:05 ubuntu kernel: [    0.004000] Console: colour VGA+ 80x25
May  6 10:24:05 ubuntu kernel: [    0.004000] console [tty0] enabled
May  6 10:24:05 ubuntu kernel: [    0.004000] ACPI: Core revision 20170831
May  6 10:24:05 ubuntu kernel: [    0.004000] ACPI: 2 ACPI AML tables successfully acquired and loaded
May  6 10:24:05 ubuntu kernel: [    0.004000] APIC: Switch to symmetric I/O mode setup
May  6 10:24:05 ubuntu kernel: [    0.004000] x2apic enabled
May  6 10:24:05 ubuntu kernel: [    0.004000] Switched APIC routing to physical x2apic.
May  6 10:24:05 ubuntu kernel: [    0.004000] ..TIMER: vector=0x30 apic1=0 pin1=2 apic2=-1 pin2=-1
May  6 10:24:05 ubuntu kernel: [    0.004000] tsc: Detected 2712.000 MHz processor
May  6 10:24:05 ubuntu kernel: [    0.004000] Calibrating delay loop (skipped) preset value.. 5424.00 BogoMIPS (lpj=10848000)
May  6 10:24:05 ubuntu kernel: [    0.004000] pid_max: default: 32768 minimum: 301
May  6 10:24:05 ubuntu kernel: [    0.004040] Security Framework initialized
May  6 10:24:05 ubuntu kernel: [    0.004264] Yama: becoming mindful.
May  6 10:24:05 ubuntu kernel: [    0.004484] AppArmor: AppArmor initialized
May  6 10:24:05 ubuntu kernel: [    0.004892] Dentry cache hash table entries: 131072 (order: 8, 1048576 bytes)
May  6 10:24:05 ubuntu kernel: [    0.005295] Inode-cache hash table entries: 65536 (order: 7, 524288 bytes)
May  6 10:24:05 ubuntu kernel: [    0.005609] Mount-cache hash table entries: 2048 (order: 2, 16384 bytes)
May  6 10:24:05 ubuntu kernel: [    0.005955] Mountpoint-cache hash table entries: 2048 (order: 2, 16384 bytes)
May  6 10:24:05 ubuntu kernel: [    0.006568] process: using mwait in idle threads
May  6 10:24:05 ubuntu kernel: [    0.006810] Last level iTLB entries: 4KB 64, 2MB 8, 4MB 8
May  6 10:24:05 ubuntu kernel: [    0.007102] Last level dTLB entries: 4KB 64, 2MB 0, 4MB 0, 1GB 4
May  6 10:24:05 ubuntu kernel: [    0.007380] Spectre V1 : Mitigation: usercopy/swapgs barriers and __user pointer sanitization
May  6 10:24:05 ubuntu kernel: [    0.007819] Spectre V2 : Mitigation: Full generic retpoline
May  6 10:24:05 ubuntu kernel: [    0.008005] Spectre V2 : Spectre v2 / SpectreRSB mitigation: Filling RSB on context switch
May  6 10:24:05 ubuntu kernel: [    0.008537] Speculative Store Bypass: Vulnerable
May  6 10:24:05 ubuntu kernel: [    0.008910] MDS: Vulnerable: Clear CPU buffers attempted, no microcode
May  6 10:24:05 ubuntu kernel: [    0.027145] Freeing SMP alternatives memory: 36K
May  6 10:24:05 ubuntu kernel: [    0.138488] smpboot: CPU0: Intel(R) Core(TM) i5-7200U CPU @ 2.50GHz (family: 0x6, model: 0x8e, stepping: 0x9)
May  6 10:24:05 ubuntu kernel: [    0.139048] Performance Events: unsupported p6 CPU model 142 no PMU driver, software events only.
May  6 10:24:05 ubuntu kernel: [    0.139629] Hierarchical SRCU implementation.
May  6 10:24:05 ubuntu kernel: [    0.140000] NMI watchdog: Perf event create on CPU 0 failed with -2
May  6 10:24:05 ubuntu kernel: [    0.140000] NMI watchdog: Perf NMI watchdog permanently disabled
May  6 10:24:05 ubuntu kernel: [    0.140000] smp: Bringing up secondary CPUs ...
May  6 10:24:05 ubuntu kernel: [    0.140000] smp: Brought up 1 node, 1 CPU
May  6 10:24:05 ubuntu kernel: [    0.140000] smpboot: Max logical packages: 1
May  6 10:24:05 ubuntu kernel: [    0.140000] smpboot: Total of 1 processors activated (5424.00 BogoMIPS)
May  6 10:24:05 ubuntu kernel: [    0.140000] devtmpfs: initialized
May  6 10:24:05 ubuntu kernel: [    0.140000] x86/mm: Memory block size: 128MB
May  6 10:24:05 ubuntu kernel: [    0.140000] evm: security.selinux
May  6 10:24:05 ubuntu kernel: [    0.140000] evm: security.SMACK64
May  6 10:24:05 ubuntu kernel: [    0.140000] evm: security.SMACK64EXEC
May  6 10:24:05 ubuntu kernel: [    0.140000] evm: security.SMACK64TRANSMUTE
May  6 10:24:05 ubuntu kernel: [    0.140000] evm: security.SMACK64MMAP
May  6 10:24:05 ubuntu kernel: [    0.140000] evm: security.apparmor
May  6 10:24:05 ubuntu kernel: [    0.140000] evm: security.ima
May  6 10:24:05 ubuntu kernel: [    0.140000] evm: security.capability
May  6 10:24:05 ubuntu kernel: [    0.140000] clocksource: jiffies: mask: 0xffffffff max_cycles: 0xffffffff, max_idle_ns: 7645041785100000 ns
May  6 10:24:05 ubuntu kernel: [    0.140000] futex hash table entries: 256 (order: 2, 16384 bytes)
May  6 10:24:05 ubuntu kernel: [    0.140000] pinctrl core: initialized pinctrl subsystem
May  6 10:24:05 ubuntu kernel: [    0.140025] RTC time: 10:21:44, date: 05/06/20
May  6 10:24:05 ubuntu kernel: [    0.140339] NET: Registered protocol family 16
May  6 10:24:05 ubuntu kernel: [    0.140649] audit: initializing netlink subsys (disabled)
May  6 10:24:05 ubuntu kernel: [    0.141035] cpuidle: using governor ladder
May  6 10:24:05 ubuntu kernel: [    0.141279] cpuidle: using governor menu
May  6 10:24:05 ubuntu kernel: [    0.141534] ACPI: bus type PCI registered
May  6 10:24:05 ubuntu kernel: [    0.141753] acpiphp: ACPI Hot Plug PCI Controller Driver version: 0.5
May  6 10:24:05 ubuntu kernel: [    0.142141] PCI: Using configuration type 1 for base access
